// Jest Snapshot v1, https://goo.gl/fbAQLP

exports[`CustomerReview is defined should render inner component 1`] = `
ReactWrapper {
  "length": 1,
  Symbol(enzyme.__unrendered__): <CustomerReview
    customerReview={
        Object {
            "datePosted": "Mon Mar 11 13:13:55 UTC 2013",
            "overallRating": "1",
            "review": "Less than 2 months after purchase it completely stopped working. First it wouldn't detect the pitcher when trying to blend a significant amount, a couple weeks later it wouldn't detect the single serve cup. ",
            "reviewKey": "b326b0d6-e6ae-4ec5-8080-720f0ad741af",
            "screenName": "New York",
            "title": "Very unhappy",
          }
    }
/>,
  Symbol(enzyme.__renderer__): Object {
    "batchedUpdates": [Function],
    "getNode": [Function],
    "render": [Function],
    "simulateEvent": [Function],
    "unmount": [Function],
  },
  Symbol(enzyme.__root__): [Circular],
  Symbol(enzyme.__node__): null,
  Symbol(enzyme.__nodes__): Array [
    null,
  ],
  Symbol(enzyme.__options__): Object {
    "adapter": ReactSixteenAdapter {
      "options": Object {
        "enableComponentDidUpdateOnSetState": true,
      },
    },
  },
}
`;
