// Jest Snapshot v1, https://goo.gl/fbAQLP

exports[`HTMLRenderer is defined should render inner component 1`] = `
ReactWrapper {
  "length": 1,
  Symbol(enzyme.__unrendered__): <HTMLRenderer
    htmlContents="<a href=\\"http://www.target.com/HelpContent?help=/sites/html/TargetOnline/help/returns_and_refunds/returns_and_refunds.html\\">Target return policy</a> for complete information.</p><br/>"
/>,
  Symbol(enzyme.__renderer__): Object {
    "batchedUpdates": [Function],
    "getNode": [Function],
    "render": [Function],
    "simulateEvent": [Function],
    "unmount": [Function],
  },
  Symbol(enzyme.__root__): [Circular],
  Symbol(enzyme.__node__): null,
  Symbol(enzyme.__nodes__): Array [
    null,
  ],
  Symbol(enzyme.__options__): Object {
    "adapter": ReactSixteenAdapter {
      "options": Object {
        "enableComponentDidUpdateOnSetState": true,
      },
    },
  },
}
`;
