// Jest Snapshot v1, https://goo.gl/fbAQLP

exports[`ProductReturnPolicy is defined should render inner component 1`] = `
ReactWrapper {
  "length": 1,
  Symbol(enzyme.__unrendered__): <ProductReturnPolicy
    returnPolicyDetails={
        Object {
            "ReturnPolicy": Array [
              Object {
                "ReturnPolicyDetails": Array [
                  Object {
                    "guestMessage": "View our return policy",
                    "policyDays": "100",
                    "user": "Regular Guest",
                  },
                  Object {
                    "guestMessage": "View our return policy",
                    "policyDays": "120",
                    "user": "Best Guest",
                  },
                ],
              },
            ],
          }
    }
>
    <HTMLRenderer
        htmlContents="abcd"
    />
</ProductReturnPolicy>,
  Symbol(enzyme.__renderer__): Object {
    "batchedUpdates": [Function],
    "getNode": [Function],
    "render": [Function],
    "simulateEvent": [Function],
    "unmount": [Function],
  },
  Symbol(enzyme.__root__): [Circular],
  Symbol(enzyme.__node__): null,
  Symbol(enzyme.__nodes__): Array [
    null,
  ],
  Symbol(enzyme.__options__): Object {
    "adapter": ReactSixteenAdapter {
      "options": Object {
        "enableComponentDidUpdateOnSetState": true,
      },
    },
  },
}
`;
