// Jest Snapshot v1, https://goo.gl/fbAQLP

exports[`ProductPromotions is defined should render inner component 1`] = `
ReactWrapper {
  "length": 1,
  Symbol(enzyme.__unrendered__): <ProductPromotions
    promotionDetails={
        Object {
            "Promotions": Array [
              Object {
                "Description": Array [
                  Object {
                    "legalDisclaimer": "Offer available online only. Offer applies to purchases of $50 or more of eligible items across all categories. Look for the &quot;SPEND $50: SHIPS FREE&quot; logo on eligible items. Some exclusions apply. Items that are not eligible are subject to shipping charges. $50 purchase is based on eligible merchandise subtotal. Items that are not eligible, GiftCards, e-GiftCards, gift wrap, tax and shipping and handling charges will not be included in determining merchandise subtotal. Offer valid for orders shipping within the 48 contiguous states, as well as APO/FPO and for Standard and To the Door shipping methods only. Not valid on previous orders.",
                    "shortDescription": "SPEND $50, GET FREE SHIPPING",
                  },
                ],
                "endDate": "2014-05-25 06:59:00.001",
                "promotionIdentifier": "10736506",
                "promotionType": "Buy catalog entries from category X, get shipping at a fixed price",
                "startDate": "2014-05-18 07:00:00.001",
              },
            ],
          }
    }
/>,
  Symbol(enzyme.__renderer__): Object {
    "batchedUpdates": [Function],
    "getNode": [Function],
    "render": [Function],
    "simulateEvent": [Function],
    "unmount": [Function],
  },
  Symbol(enzyme.__root__): [Circular],
  Symbol(enzyme.__node__): null,
  Symbol(enzyme.__nodes__): Array [
    null,
  ],
  Symbol(enzyme.__options__): Object {
    "adapter": ReactSixteenAdapter {
      "options": Object {
        "enableComponentDidUpdateOnSetState": true,
      },
    },
  },
}
`;
