// Jest Snapshot v1, https://goo.gl/fbAQLP

exports[`ProductDetails is defined should render inner component 1`] = `
ReactWrapper {
  "length": 1,
  Symbol(enzyme.__unrendered__): <Connect(ProductDetails)
    store={
        Object {
            "clearActions": [Function],
            "dispatch": [Function],
            "getActions": [Function],
            "getState": [Function],
            "replaceReducer": [Function],
            "subscribe": [Function],
          }
    }
>
    <ProductHeader />
    <ProductPromotions
        promotionDetails={
            Object {
                "a": "test1",
                "b": "test2",
              }
        }
    />
    <ProductReturnPolicy
        returnPolicyDetails={
            Object {
                "a": "test1",
                "b": "test2",
              }
        }
    />
    <HTMLRenderer
        htmlContents={
            Object {
                "a": "test1",
                "b": "test2",
              }
        }
    />
    <ProductReview
        ProductReviewDetail={
            Object {
                "a": "test1",
                "b": "test2",
              }
        }
    />
</Connect(ProductDetails)>,
  Symbol(enzyme.__renderer__): Object {
    "batchedUpdates": [Function],
    "getNode": [Function],
    "render": [Function],
    "simulateEvent": [Function],
    "unmount": [Function],
  },
  Symbol(enzyme.__root__): [Circular],
  Symbol(enzyme.__node__): null,
  Symbol(enzyme.__nodes__): Array [
    null,
  ],
  Symbol(enzyme.__options__): Object {
    "adapter": ReactSixteenAdapter {
      "options": Object {
        "enableComponentDidUpdateOnSetState": true,
      },
    },
  },
}
`;
